
node.exe : 
En línea: 1 Carácter: 1
+ & "C:\Program Files\nodejs/node.exe" "C:\Program 
Files\nodejs/node_mo ...
+ ~~~~~~~~~~~~~~~~~~~~~~~~~~~~~~~~~~~~~~~~~~~~~~~~~~~~
~~~~~~~~~~~~~~~~~
    + CategoryInfo          : NotSpecified: (:String) 
    [], RemoteException
    + FullyQualifiedErrorId : NativeCommandError
 
DevTools listening on ws://127.0.0.1:55313/devtools/br
owser/ef32d944-ca2d-41c2-ba40-8f9c1f0613b7
Could not find a Cypress configuration file in this folder: C:\Users\Monica\Proyectos\DS1\colegiocanino
